C51 COMPILER V9.54   MAIN                                                                  09/08/2017 16:50:38 PAGE 1   


C51 COMPILER V9.54, COMPILATION OF MODULE MAIN
OBJECT MODULE PLACED IN main.OBJ
COMPILER INVOKED BY: C:\Keil_v5\C51\BIN\C51.EXE main.c LARGE OPTIMIZE(8,SPEED) BROWSE INCDIR(..\delay;..\HARDWARE\pca;..
                    -\MAIN;..\HARDWARE\Uart) DEBUG OBJECTEXTEND TABS(2)

line level    source

   1                       
   2          /* http://zq281598585.taobao.com/  
   3          启光电子    ELH    enlighten  sunny
   4          
   5           串口控制8位PWM 占空比
   6          
   7           8位PWM 输出 控制P3.5口 产生脉冲  
   8          
   9           占空比由串口控制  初始值为0X20
  10          
  11           主频为11.0592MHz
  12           串口波特率为9600
  13          */
  14          
  15          
  16          
  17          
  18          
  19          #include  "stc15f2k60s2.h"      //STC15头文件
  20          #include  "def.h"           //宏定义 常用函数
  21          #include  "delay.h"         //延时函数
  22          #include  "pca.h"
  23          #include  "uart.h"
  24          
  25          
  26          //真对 IAP15W4K61S4   STC15W4K56S4 系列 IO口初始化
  27          //io口初始化 P0 P1 P2 P3 P4 为准双向IO口   
  28          //注意: STC15W4K32S4系列的芯片,上电后所有与PWM相关的IO口均为
  29          //      高阻态,需将这些口设置为准双向口或强推挽模式方可正常使用
  30          //相关IO: P0.6/P0.7/P1.6/P1.7/P2.1/P2.2
  31          //        P2.3/P2.7/P3.7/P4.2/P4.4/P4.5
  32          void IO_init(void)
  33          {
  34   1        P0M0 = 0X00;
  35   1        P0M1 = 0X00;
  36   1      
  37   1        P1M0 = 0X00;
  38   1        P1M1 = 0X00;
  39   1      
  40   1        P2M0 = 0X00;
  41   1        P2M1 = 0X00;
  42   1      
  43   1        P3M0 = 0X00;
  44   1        P3M1 = 0X00;
  45   1      
  46   1        P4M0 = 0X00;
  47   1        P4M1 = 0X00;  
  48   1      }
  49          
  50          
  51          void main()
  52          {   
  53   1          IO_init();           //真对 IAP15W4K61S4  IO口初始化
  54   1        UartInit();          //串口初始化
C51 COMPILER V9.54   MAIN                                                                  09/08/2017 16:50:38 PAGE 2   

  55   1          
  56   1        pca();             //PCA16位定时器脉冲输出测试
  57   1        while(1);          //防止程序跑飞
  58   1          
  59   1      }
  60          
  61          
  62          
  63          
  64          
  65          


MODULE INFORMATION:   STATIC OVERLAYABLE
   CODE SIZE        =     33    ----
   CONSTANT SIZE    =   ----    ----
   XDATA SIZE       =   ----    ----
   PDATA SIZE       =   ----    ----
   DATA SIZE        =   ----    ----
   IDATA SIZE       =   ----    ----
   BIT SIZE         =   ----    ----
END OF MODULE INFORMATION.


C51 COMPILATION COMPLETE.  0 WARNING(S),  0 ERROR(S)
