C51 COMPILER V9.54   PCA                                                                   09/08/2017 16:50:39 PAGE 1   


C51 COMPILER V9.54, COMPILATION OF MODULE PCA
OBJECT MODULE PLACED IN .\pca.obj
COMPILER INVOKED BY: C:\Keil_v5\C51\BIN\C51.EXE ..\HARDWARE\pca\pca.c LARGE OPTIMIZE(8,SPEED) BROWSE INCDIR(..\delay;..\
                    -HARDWARE\pca;..\MAIN;..\HARDWARE\Uart) DEBUG OBJECTEXTEND PRINT(.\pca.lst) TABS(2) OBJECT(.\pca.obj)

line level    source

   1          
   2          #include "stc15f2k60s2.h"
   3          #include "delay.h"
   4          #include "def.h"
   5          #include "pca.h"
   6          
   7          
   8          
   9            u8 time=0x20;          //临时变量
  10          
  11          //PCA 变量函数
  12          void pca(void)
  13          {             
  14   1      
  15   1        P_SW1|=0X10;         //配置输出口到P3.5口 P3.5也是黑灵的控制灯口   手册790
  16   1                                   //P_SW1和AUXR1是一个寄存器 在手册790页可以看出
  17   1                     //黑灵的 SPI总线调到  MOSI-P4^0  MISO-P4^1  SCLK-P4^3  就是利用了AUXR1
  18   1                     //而P_SW1.4 P_SW1.5又是调节 PCA输出口所在IO分配的 所以这里一定要注意 是或等于 
  19   1      
  20   1        CCON=0;          //PCA控制寄存器           手册785
  21   1        CL=0;            //PCA 计数器低位     配置计数器初始值   流程图796页
  22   1                     //图中可以看出 PWM只用到了CL做累加计数器 并和CCAPnL进行比较
  23   1        CH=0;            //PCA 计数器高位
  24   1        CMOD=0x02;         //设置PCA时钟源   主频2分频     手册784
  25   1      
  26   1        PCA_PWM0=0X00;       //8位PWM输出
  27   1        CCAP0H=CCAP0L=time;    //占空比  CL累加值和CCAP0L比较 CL高于等于CCAP0L输出1  低于CCAP0L输出0
  28   1        CCAPM0=0x42;         //PCA模块0为8位pwm模式        手册785
  29   1      
  30   1      //  PCA_PWM1=0X40;       //7位PWM输出    按P_SW1|=0X10设置 输出在P3.6
  31   1      //  CCAP1H=CCAP1L=0x20;    //占空比
  32   1      //  CCAPM1=0x42;         //PCA模块1为7位pwm模式
  33   1      //
  34   1      //  PCA_PWM2=0X80;       //8位PWM输出  按P_SW1|=0X10设置 输出在P3.7
  35   1      //  CCAP2H=CCAP2L=0x20;    //占空比
  36   1      //  CCAPM2=0x42;         //PCA模块2为6位pwm模式
  37   1                     
  38   1        CR=1;            //使能PCA
  39   1      
  40   1      //  while(1)           //自动调节占空比  使P3.5口的灯亮度发生变化
  41   1      //  {
  42   1      //    delay1ms(200);       //延时
  43   1      //  t+=10;
  44   1      //  if(t>200)t=0;
  45   1      //    CCAP0H=CCAP0L=t;     //将变量赋值到占空比存储空间   
  46   1      //  }
  47   1      }
  48          
  49          
  50          
  51          
  52                 


C51 COMPILER V9.54   PCA                                                                   09/08/2017 16:50:39 PAGE 2   

MODULE INFORMATION:   STATIC OVERLAYABLE
   CODE SIZE        =     30    ----
   CONSTANT SIZE    =   ----    ----
   XDATA SIZE       =      1    ----
   PDATA SIZE       =   ----    ----
   DATA SIZE        =   ----    ----
   IDATA SIZE       =   ----    ----
   BIT SIZE         =   ----    ----
END OF MODULE INFORMATION.


C51 COMPILATION COMPLETE.  0 WARNING(S),  0 ERROR(S)
